// Jest Snapshot v1, https://goo.gl/fbAQLP

exports[`oak stack reproduces snapshot 1`] = `
{
  "Parameters": {
    "BootstrapVersion": {
      "Default": "/cdk-bootstrap/hnb659fds/version",
      "Description": "Version of the CDK Bootstrap resources in this environment, automatically retrieved from SSM Parameter Store. [cdk:skip]",
      "Type": "AWS::SSM::Parameter::Value<String>",
    },
  },
  "Resources": {
    "canEmailAddrOakD32922AF": {
      "DependsOn": [
        "canEmailAddrOakServiceRole4F4E0EAE",
      ],
      "Properties": {
        "Architectures": [
          "arm64",
        ],
        "Code": {
          "S3Bucket": {
            "Fn::Sub": "cdk-hnb659fds-assets-\${AWS::AccountId}-\${AWS::Region}",
          },
          "S3Key": "f681f34729c3b1f6cc3566d76ef2f346b3041e2c85aa6192164fcd13b8e0876f.zip",
        },
        "Environment": {
          "Variables": {
            "AWS_NODEJS_CONNECTION_REUSE_ENABLED": "1",
          },
        },
        "Handler": "index.main",
        "Role": {
          "Fn::GetAtt": [
            "canEmailAddrOakServiceRole4F4E0EAE",
            "Arn",
          ],
        },
        "Runtime": "nodejs16.x",
      },
      "Type": "AWS::Lambda::Function",
    },
    "canEmailAddrOakServiceRole4F4E0EAE": {
      "Properties": {
        "AssumeRolePolicyDocument": {
          "Statement": [
            {
              "Action": "sts:AssumeRole",
              "Effect": "Allow",
              "Principal": {
                "Service": "lambda.amazonaws.com",
              },
            },
          ],
          "Version": "2012-10-17",
        },
        "ManagedPolicyArns": [
          {
            "Fn::Join": [
              "",
              [
                "arn:",
                {
                  "Ref": "AWS::Partition",
                },
                ":iam::aws:policy/service-role/AWSLambdaBasicExecutionRole",
              ],
            ],
          },
        ],
      },
      "Type": "AWS::IAM::Role",
    },
    "gatewayOakACB7A69F": {
      "Properties": {
        "CorsConfiguration": {
          "AllowHeaders": [
            "Authorization",
          ],
          "AllowMethods": [
            "GET",
          ],
          "AllowOrigins": [
            "https://main.d3dq4xzxmmo3wf.amplifyapp.com/",
            "http://localhost:6100",
          ],
        },
        "Name": "gatewayOak",
        "ProtocolType": "HTTP",
      },
      "Type": "AWS::ApiGatewayV2::Api",
    },
    "gatewayOakDefaultStageCFA48F0E": {
      "Properties": {
        "ApiId": {
          "Ref": "gatewayOakACB7A69F",
        },
        "AutoDeploy": true,
        "StageName": "$default",
      },
      "Type": "AWS::ApiGatewayV2::Stage",
    },
    "gatewayOakGETemailaddr2DB26489": {
      "Properties": {
        "ApiId": {
          "Ref": "gatewayOakACB7A69F",
        },
        "AuthorizationType": "NONE",
        "RouteKey": "GET /email-addr",
        "Target": {
          "Fn::Join": [
            "",
            [
              "integrations/",
              {
                "Ref": "gatewayOakGETemailaddrcanEmailAddrIntegrationOak47E74B9C",
              },
            ],
          ],
        },
      },
      "Type": "AWS::ApiGatewayV2::Route",
    },
    "gatewayOakGETemailaddrcanEmailAddrIntegrationOak47E74B9C": {
      "Properties": {
        "ApiId": {
          "Ref": "gatewayOakACB7A69F",
        },
        "IntegrationType": "AWS_PROXY",
        "IntegrationUri": {
          "Fn::GetAtt": [
            "canEmailAddrOakD32922AF",
            "Arn",
          ],
        },
        "PayloadFormatVersion": "2.0",
      },
      "Type": "AWS::ApiGatewayV2::Integration",
    },
    "gatewayOakGETemailaddrcanEmailAddrIntegrationOakPermissionE1331612": {
      "Properties": {
        "Action": "lambda:InvokeFunction",
        "FunctionName": {
          "Fn::GetAtt": [
            "canEmailAddrOakD32922AF",
            "Arn",
          ],
        },
        "Principal": "apigateway.amazonaws.com",
        "SourceArn": {
          "Fn::Join": [
            "",
            [
              "arn:",
              {
                "Ref": "AWS::Partition",
              },
              ":execute-api:",
              {
                "Ref": "AWS::Region",
              },
              ":",
              {
                "Ref": "AWS::AccountId",
              },
              ":",
              {
                "Ref": "gatewayOakACB7A69F",
              },
              "/*/*/email-addr",
            ],
          ],
        },
      },
      "Type": "AWS::Lambda::Permission",
    },
    "logGroupCanEmailAddrOakD3459818": {
      "DeletionPolicy": "Delete",
      "Properties": {
        "LogGroupName": {
          "Fn::Join": [
            "",
            [
              "/aws/lambda/",
              {
                "Ref": "canEmailAddrOakD32922AF",
              },
            ],
          ],
        },
        "RetentionInDays": 731,
      },
      "Type": "AWS::Logs::LogGroup",
      "UpdateReplacePolicy": "Delete",
    },
  },
  "Rules": {
    "CheckBootstrapVersion": {
      "Assertions": [
        {
          "Assert": {
            "Fn::Not": [
              {
                "Fn::Contains": [
                  [
                    "1",
                    "2",
                    "3",
                    "4",
                    "5",
                  ],
                  {
                    "Ref": "BootstrapVersion",
                  },
                ],
              },
            ],
          },
          "AssertDescription": "CDK bootstrap stack version 6 required. Please run 'cdk bootstrap' with a recent version of the CDK CLI.",
        },
      ],
    },
  },
}
`;
